
memed@Memedjjebri MINGW64 ~ (main)
$ git init
Reinitialized existing Git repository in C:/Users/memed/.git/

memed@Memedjjebri MINGW64 ~ (main)
$ cd  wild-git

memed@Memedjjebri MINGW64 ~/wild-git (main)
$ touch wild.html

memed@Memedjjebri MINGW64 ~/wild-git (main)
$ ls
wild.html

memed@Memedjjebri MINGW64 ~/wild-git (main)
$ git status
On branch main

No commits yet

Untracked files:
  (use "git add <file>..." to include in what will be committed)
        wild.html

nothing added to commit but untracked files present (use "git add" to track)

memed@Memedjjebri MINGW64 ~/wild-git (main)
$ git add wild.html

memed@Memedjjebri MINGW64 ~/wild-git (main)
$ git status
On branch main

No commits yet

Changes to be committed:
  (use "git rm --cached <file>..." to unstage)
        new file:   wild.html


memed@Memedjjebri MINGW64 ~/wild-git (main)
$ commit -m"At Wild Code School, we code without shoes"
bash: commit: command not found

memed@Memedjjebri MINGW64 ~/wild-git (main)
$ git status
On branch main

No commits yet

Changes to be committed:
  (use "git rm --cached <file>..." to unstage)
        new file:   wild.html


memed@Memedjjebri MINGW64 ~/wild-git (main)
$ git commit -m" At wild code school, we code without shoes"
[main (root-commit) 268dbd7]  At wild code school, we code without shoes
 1 file changed, 0 insertions(+), 0 deletions(-)
 create mode 100644 wild.html

memed@Memedjjebri MINGW64 ~/wild-git (main)
$ git log
commit 268dbd76a2abb1c5eca7ff4924a524e4419be34c (HEAD -> main)
Author: memed <memedjjebri@gmail.com>
Date:   Tue Mar 5 23:08:30 2024 +0100

     At wild code school, we code without shoes

memed@Memedjjebri MINGW64 ~/wild-git (main)
$
